Archive member included to satisfy reference by file (symbol)

c:/ac6/systemworkbench/plugins/fr.ac6.mcu.externaltools.arm-none.win32_1.17.0.201812190825/tools/compiler/bin/../lib/gcc/arm-none-eabi/7.3.1/thumb/v6-m\libgcc.a(_udivsi3.o)
                              StdPeriph_Driver/src/stm32f0xx_rcc.o (__aeabi_uidiv)
c:/ac6/systemworkbench/plugins/fr.ac6.mcu.externaltools.arm-none.win32_1.17.0.201812190825/tools/compiler/bin/../lib/gcc/arm-none-eabi/7.3.1/thumb/v6-m\libgcc.a(_divsi3.o)
                              src/commands.o (__aeabi_idiv)
c:/ac6/systemworkbench/plugins/fr.ac6.mcu.externaltools.arm-none.win32_1.17.0.201812190825/tools/compiler/bin/../lib/gcc/arm-none-eabi/7.3.1/thumb/v6-m\libgcc.a(_dvmd_tls.o)
                              c:/ac6/systemworkbench/plugins/fr.ac6.mcu.externaltools.arm-none.win32_1.17.0.201812190825/tools/compiler/bin/../lib/gcc/arm-none-eabi/7.3.1/thumb/v6-m\libgcc.a(_udivsi3.o) (__aeabi_idiv0)
c:/ac6/systemworkbench/plugins/fr.ac6.mcu.externaltools.arm-none.win32_1.17.0.201812190825/tools/compiler/bin/../lib/gcc/arm-none-eabi/7.3.1/thumb/v6-m\libgcc.a(_arm_cmpsf2.o)
                              src/commands.o (__aeabi_fcmplt)
c:/ac6/systemworkbench/plugins/fr.ac6.mcu.externaltools.arm-none.win32_1.17.0.201812190825/tools/compiler/bin/../lib/gcc/arm-none-eabi/7.3.1/thumb/v6-m\libgcc.a(_fixunssfsi.o)
                              src/commands.o (__aeabi_f2uiz)
c:/ac6/systemworkbench/plugins/fr.ac6.mcu.externaltools.arm-none.win32_1.17.0.201812190825/tools/compiler/bin/../lib/gcc/arm-none-eabi/7.3.1/thumb/v6-m\libgcc.a(addsf3.o)
                              src/commands.o (__aeabi_fadd)
c:/ac6/systemworkbench/plugins/fr.ac6.mcu.externaltools.arm-none.win32_1.17.0.201812190825/tools/compiler/bin/../lib/gcc/arm-none-eabi/7.3.1/thumb/v6-m\libgcc.a(divsf3.o)
                              src/commands.o (__aeabi_fdiv)
c:/ac6/systemworkbench/plugins/fr.ac6.mcu.externaltools.arm-none.win32_1.17.0.201812190825/tools/compiler/bin/../lib/gcc/arm-none-eabi/7.3.1/thumb/v6-m\libgcc.a(eqsf2.o)
                              c:/ac6/systemworkbench/plugins/fr.ac6.mcu.externaltools.arm-none.win32_1.17.0.201812190825/tools/compiler/bin/../lib/gcc/arm-none-eabi/7.3.1/thumb/v6-m\libgcc.a(_arm_cmpsf2.o) (__eqsf2)
c:/ac6/systemworkbench/plugins/fr.ac6.mcu.externaltools.arm-none.win32_1.17.0.201812190825/tools/compiler/bin/../lib/gcc/arm-none-eabi/7.3.1/thumb/v6-m\libgcc.a(gesf2.o)
                              c:/ac6/systemworkbench/plugins/fr.ac6.mcu.externaltools.arm-none.win32_1.17.0.201812190825/tools/compiler/bin/../lib/gcc/arm-none-eabi/7.3.1/thumb/v6-m\libgcc.a(_arm_cmpsf2.o) (__gesf2)
c:/ac6/systemworkbench/plugins/fr.ac6.mcu.externaltools.arm-none.win32_1.17.0.201812190825/tools/compiler/bin/../lib/gcc/arm-none-eabi/7.3.1/thumb/v6-m\libgcc.a(lesf2.o)
                              c:/ac6/systemworkbench/plugins/fr.ac6.mcu.externaltools.arm-none.win32_1.17.0.201812190825/tools/compiler/bin/../lib/gcc/arm-none-eabi/7.3.1/thumb/v6-m\libgcc.a(_arm_cmpsf2.o) (__lesf2)
c:/ac6/systemworkbench/plugins/fr.ac6.mcu.externaltools.arm-none.win32_1.17.0.201812190825/tools/compiler/bin/../lib/gcc/arm-none-eabi/7.3.1/thumb/v6-m\libgcc.a(mulsf3.o)
                              src/commands.o (__aeabi_fmul)
c:/ac6/systemworkbench/plugins/fr.ac6.mcu.externaltools.arm-none.win32_1.17.0.201812190825/tools/compiler/bin/../lib/gcc/arm-none-eabi/7.3.1/thumb/v6-m\libgcc.a(subsf3.o)
                              src/commands.o (__aeabi_fsub)
c:/ac6/systemworkbench/plugins/fr.ac6.mcu.externaltools.arm-none.win32_1.17.0.201812190825/tools/compiler/bin/../lib/gcc/arm-none-eabi/7.3.1/thumb/v6-m\libgcc.a(fixsfsi.o)
                              c:/ac6/systemworkbench/plugins/fr.ac6.mcu.externaltools.arm-none.win32_1.17.0.201812190825/tools/compiler/bin/../lib/gcc/arm-none-eabi/7.3.1/thumb/v6-m\libgcc.a(_fixunssfsi.o) (__aeabi_f2iz)
c:/ac6/systemworkbench/plugins/fr.ac6.mcu.externaltools.arm-none.win32_1.17.0.201812190825/tools/compiler/bin/../lib/gcc/arm-none-eabi/7.3.1/thumb/v6-m\libgcc.a(floatsisf.o)
                              src/commands.o (__aeabi_i2f)
c:/ac6/systemworkbench/plugins/fr.ac6.mcu.externaltools.arm-none.win32_1.17.0.201812190825/tools/compiler/bin/../lib/gcc/arm-none-eabi/7.3.1/thumb/v6-m\libgcc.a(_clzsi2.o)
                              c:/ac6/systemworkbench/plugins/fr.ac6.mcu.externaltools.arm-none.win32_1.17.0.201812190825/tools/compiler/bin/../lib/gcc/arm-none-eabi/7.3.1/thumb/v6-m\libgcc.a(addsf3.o) (__clzsi2)
c:/ac6/systemworkbench/plugins/fr.ac6.mcu.externaltools.arm-none.win32_1.17.0.201812190825/tools/compiler/bin/../lib/gcc/arm-none-eabi/7.3.1/../../../../arm-none-eabi/lib/thumb/v6-m\libc.a(lib_a-errno.o)
                              src/syscalls.o (__errno)
[...]
Memory Configuration

Name             Origin             Length             Attributes
RAM              0x20000000         0x00008000         xrw
ROM              0x08000000         0x00040000         xr
*default*        0x00000000         0xffffffff

Linker script and memory map

LOAD c:/ac6/systemworkbench/plugins/fr.ac6.mcu.externaltools.arm-none.win32_1.17.0.201812190825/tools/compiler/bin/../lib/gcc/arm-none-eabi/7.3.1/thumb/v6-m/crti.o
LOAD c:/ac6/systemworkbench/plugins/fr.ac6.mcu.externaltools.arm-none.win32_1.17.0.201812190825/tools/compiler/bin/../lib/gcc/arm-none-eabi/7.3.1/thumb/v6-m/crtbegin.o
LOAD c:/ac6/systemworkbench/plugins/fr.ac6.mcu.externaltools.arm-none.win32_1.17.0.201812190825/tools/compiler/bin/../lib/gcc/arm-none-eabi/7.3.1/../../../../arm-none-eabi/lib/thumb/v6-m/crt0.o
LOAD StdPeriph_Driver/src/stm32f0xx_adc.o
LOAD StdPeriph_Driver/src/stm32f0xx_can.o
LOAD StdPeriph_Driver/src/stm32f0xx_cec.o
LOAD StdPeriph_Driver/src/stm32f0xx_comp.o
LOAD StdPeriph_Driver/src/stm32f0xx_crc.o
LOAD StdPeriph_Driver/src/stm32f0xx_crs.o
LOAD StdPeriph_Driver/src/stm32f0xx_dac.o
LOAD StdPeriph_Driver/src/stm32f0xx_dbgmcu.o
LOAD StdPeriph_Driver/src/stm32f0xx_dma.o
LOAD StdPeriph_Driver/src/stm32f0xx_exti.o
LOAD StdPeriph_Driver/src/stm32f0xx_flash.o
LOAD StdPeriph_Driver/src/stm32f0xx_gpio.o
LOAD StdPeriph_Driver/src/stm32f0xx_i2c.o
LOAD StdPeriph_Driver/src/stm32f0xx_iwdg.o
LOAD StdPeriph_Driver/src/stm32f0xx_misc.o
LOAD StdPeriph_Driver/src/stm32f0xx_pwr.o
LOAD StdPeriph_Driver/src/stm32f0xx_rcc.o
LOAD StdPeriph_Driver/src/stm32f0xx_rtc.o
LOAD StdPeriph_Driver/src/stm32f0xx_spi.o
LOAD StdPeriph_Driver/src/stm32f0xx_syscfg.o
LOAD StdPeriph_Driver/src/stm32f0xx_tim.o
LOAD StdPeriph_Driver/src/stm32f0xx_usart.o
LOAD StdPeriph_Driver/src/stm32f0xx_wwdg.o
LOAD src/commands.o
LOAD src/diskio.o
LOAD src/ff.o
LOAD src/ffunicode.o
LOAD src/fifo.o
LOAD src/lcd.o
LOAD src/main.o
LOAD src/syscalls.o
LOAD src/system_stm32f0xx.o
LOAD src/tty.o
LOAD startup/startup_stm32.o
LOAD c:/ac6/systemworkbench/plugins/fr.ac6.mcu.externaltools.arm-none.win32_1.17.0.201812190825/tools/compiler/bin/../lib/gcc/arm-none-eabi/7.3.1/../../../../arm-none-eabi/lib/thumb/v6-m\libm.a
START GROUP
LOAD c:/ac6/systemworkbench/plugins/fr.ac6.mcu.externaltools.arm-none.win32_1.17.0.201812190825/tools/compiler/bin/../lib/gcc/arm-none-eabi/7.3.1/thumb/v6-m\libgcc.a
LOAD c:/ac6/systemworkbench/plugins/fr.ac6.mcu.externaltools.arm-none.win32_1.17.0.201812190825/tools/compiler/bin/../lib/gcc/arm-none-eabi/7.3.1/../../../../arm-none-eabi/lib/thumb/v6-m\libc.a
END GROUP
LOAD c:/ac6/systemworkbench/plugins/fr.ac6.mcu.externaltools.arm-none.win32_1.17.0.201812190825/tools/compiler/bin/../lib/gcc/arm-none-eabi/7.3.1/thumb/v6-m/crtend.o
LOAD c:/ac6/systemworkbench/plugins/fr.ac6.mcu.externaltools.arm-none.win32_1.17.0.201812190825/tools/compiler/bin/../lib/gcc/arm-none-eabi/7.3.1/thumb/v6-m/crtn.o
                0x20008000                _estack = 0x20008000
                0x00000000                _Min_Heap_Size = 0x0
                0x00000400                _Min_Stack_Size = 0x400

.isr_vector     0x08000000       0xc0
                0x08000000                . = ALIGN (0x4)
 *(.isr_vector)
 .isr_vector    0x08000000       0xc0 startup/startup_stm32.o
                0x08000000                g_pfnVectors
                0x080000c0                . = ALIGN (0x4)

.text           0x080000c0     0x7de8
                0x080000c0                . = ALIGN (0x4)
 *(.text)
 .text          0x080000c0       0x48 c:/ac6/systemworkbench/plugins/fr.ac6.mcu.externaltools.arm-none.win32_1.17.0.201812190825/tools/compiler/bin/../lib/gcc/arm-none-eabi/7.3.1/thumb/v6-m/crtbegin.o
 .text          0x08000108      0x114 c:/ac6/systemworkbench/plugins/fr.ac6.mcu.externaltools.arm-none.win32_1.17.0.201812190825/tools/compiler/bin/../lib/gcc/arm-none-eabi/7.3.1/thumb/v6-m\libgcc.a(_udivsi3.o)
                0x08000108                __aeabi_uidiv
                0x08000108                __udivsi3
                0x08000214                __aeabi_uidivmod
 .text          0x0800021c      0x1d4 c:/ac6/systemworkbench/plugins/fr.ac6.mcu.externaltools.arm-none.win32_1.17.0.201812190825/tools/compiler/bin/../lib/gcc/arm-none-eabi/7.3.1/thumb/v6-m\libgcc.a(_divsi3.o)
                0x0800021c                __divsi3
                0x0800021c                __aeabi_idiv
                0x080003e8                __aeabi_idivmod
 .text          0x080003f0        0x4 c:/ac6/systemworkbench/plugins/fr.ac6.mcu.externaltools.arm-none.win32_1.17.0.201812190825/tools/compiler/bin/../lib/gcc/arm-none-eabi/7.3.1/thumb/v6-m\libgcc.a(_dvmd_tls.o)
                0x080003f0                __aeabi_idiv0
                0x080003f0                __aeabi_ldiv0
 .text          0x080003f4       0x74 c:/ac6/systemworkbench/plugins/fr.ac6.mcu.externaltools.arm-none.win32_1.17.0.201812190825/tools/compiler/bin/../lib/gcc/arm-none-eabi/7.3.1/thumb/v6-m\libgcc.a(_arm_cmpsf2.o)
                0x080003f4                __aeabi_cfrcmple
                0x080003fc                __aeabi_cfcmpeq
                0x080003fc                __aeabi_cfcmple
                0x0800040c                __aeabi_fcmpeq
                0x08000418                __aeabi_fcmplt
                0x0800042c                __aeabi_fcmple
                0x08000440                __aeabi_fcmpgt
                0x08000454                __aeabi_fcmpge
 .text          0x08000468       0x30 c:/ac6/systemworkbench/plugins/fr.ac6.mcu.externaltools.arm-none.win32_1.17.0.201812190825/tools/compiler/bin/../lib/gcc/arm-none-eabi/7.3.1/thumb/v6-m\libgcc.a(_fixunssfsi.o)
                0x08000468                __fixunssfsi
                0x08000468                __aeabi_f2uiz
 .text          0x08000498      0x334 c:/ac6/systemworkbench/plugins/fr.ac6.mcu.externaltools.arm-none.win32_1.17.0.201812190825/tools/compiler/bin/../lib/gcc/arm-none-eabi/7.3.1/thumb/v6-m\libgcc.a(addsf3.o)
                0x08000498                __aeabi_fadd
 .text          0x080007cc      0x224 c:/ac6/systemworkbench/plugins/fr.ac6.mcu.externaltools.arm-none.win32_1.17.0.201812190825/tools/compiler/bin/../lib/gcc/arm-none-eabi/7.3.1/thumb/v6-m\libgcc.a(divsf3.o)
                0x080007cc                __aeabi_fdiv
 .text          0x080009f0       0x50 c:/ac6/systemworkbench/plugins/fr.ac6.mcu.externaltools.arm-none.win32_1.17.0.201812190825/tools/compiler/bin/../lib/gcc/arm-none-eabi/7.3.1/thumb/v6-m\libgcc.a(eqsf2.o)
                0x080009f0                __eqsf2
                0x080009f0                __nesf2
 .text          0x08000a40       0x9c c:/ac6/systemworkbench/plugins/fr.ac6.mcu.externaltools.arm-none.win32_1.17.0.201812190825/tools/compiler/bin/../lib/gcc/arm-none-eabi/7.3.1/thumb/v6-m\libgcc.a(gesf2.o)
                0x08000a40                __gesf2
                0x08000a40                __gtsf2
 .text          0x08000adc       0xa0 c:/ac6/systemworkbench/plugins/fr.ac6.mcu.externaltools.arm-none.win32_1.17.0.201812190825/tools/compiler/bin/../lib/gcc/arm-none-eabi/7.3.1/thumb/v6-m\libgcc.a(lesf2.o)
                0x08000adc                __ltsf2
                0x08000adc                __lesf2
 .text          0x08000b7c      0x264 c:/ac6/systemworkbench/plugins/fr.ac6.mcu.externaltools.arm-none.win32_1.17.0.201812190825/tools/compiler/bin/../lib/gcc/arm-none-eabi/7.3.1/thumb/v6-m\libgcc.a(mulsf3.o)
                0x08000b7c                __aeabi_fmul
 .text          0x08000de0      0x388 c:/ac6/systemworkbench/plugins/fr.ac6.mcu.externaltools.arm-none.win32_1.17.0.201812190825/tools/compiler/bin/../lib/gcc/arm-none-eabi/7.3.1/thumb/v6-m\libgcc.a(subsf3.o)
                0x08000de0                __aeabi_fsub
 .text          0x08001168       0x40 c:/ac6/systemworkbench/plugins/fr.ac6.mcu.externaltools.arm-none.win32_1.17.0.201812190825/tools/compiler/bin/../lib/gcc/arm-none-eabi/7.3.1/thumb/v6-m\libgcc.a(fixsfsi.o)
                0x08001168                __aeabi_f2iz
 .text          0x080011a8       0x94 c:/ac6/systemworkbench/plugins/fr.ac6.mcu.externaltools.arm-none.win32_1.17.0.201812190825/tools/compiler/bin/../lib/gcc/arm-none-eabi/7.3.1/thumb/v6-m\libgcc.a(floatsisf.o)
                0x080011a8                __aeabi_i2f
 .text          0x0800123c       0x3c c:/ac6/systemworkbench/plugins/fr.ac6.mcu.externaltools.arm-none.win32_1.17.0.201812190825/tools/compiler/bin/../lib/gcc/arm-none-eabi/7.3.1/thumb/v6-m\libgcc.a(_clzsi2.o)
                0x0800123c                __clzsi2
 *(.text*)
 .text.get_fattime
                0x08001278       0x14 src/commands.o
                0x08001278                get_fattime
 .text.mount    0x0800128c       0x34 src/commands.o
                0x0800128c                mount
 .text.DACSetup
                0x080012c0      0x1dc src/commands.o
                0x080012c0                DACSetup
 .text.parse_title
                0x0800149c       0x5c src/commands.o
                0x0800149c                parse_title
 .text.numFiles
                0x080014f8       0x64 src/commands.o
                0x080014f8                numFiles
 .text.pause    0x0800155c       0x34 src/commands.o
                0x0800155c                pause
 .text.initplay
                0x08001590       0xbc src/commands.o
                0x08001590                initplay
 .text.play     0x0800164c      0x114 src/commands.o
                0x0800164c                play
 .text.DisableDMA
                0x08001760       0x1c src/commands.o
                0x08001760                DisableDMA
 .text.EnableDMA
                0x0800177c       0x1c src/commands.o
                0x0800177c                EnableDMA
 .text.read_first_half
                0x08001798       0x7c src/commands.o
                0x08001798                read_first_half
 .text.read_second_half
                0x08001814       0x80 src/commands.o
                0x08001814                read_second_half
 .text.progressbar
                0x08001894      0x438 src/commands.o
                0x08001894                progressbar
 .text.DMA1_CH2_3_DMA2_CH1_2_IRQHandler
                0x08001ccc       0x74 src/commands.o
                0x08001ccc                DMA1_CH2_3_DMA2_CH1_2_IRQHandler
 .text.enableButtons
                0x08001d40       0x78 src/commands.o
                0x08001d40                enableButtons
 .text.EXTI4_15_IRQHandler
                0x08001db8      0x130 src/commands.o
                0x08001db8                EXTI4_15_IRQHandler
 .text.getfile  0x08001ee8      0x120 src/commands.o
                0x08001ee8                getfile
 .text.in_subdir_songs_display
                0x08002008      0x16c src/commands.o
                0x08002008                in_subdir_songs_display
 .text.updateChoice
                0x08002174      0x130 src/commands.o
                0x08002174                updateChoice
 .text.spi_clear_rxfifo
                0x080022a4       0x28 src/diskio.o
                0x080022a4                spi_clear_rxfifo
 .text.sdcard_write
                0x080022cc       0x68 src/diskio.o
                0x080022cc                sdcard_write
 .text.sdcard_init_clock
                0x08002334       0x26 src/diskio.o
                0x08002334                sdcard_init_clock
 .text.sdcard_cmd
                0x0800235a       0x8c src/diskio.o
                0x0800235a                sdcard_cmd
 .text.sdcard_r3
                0x080023e6       0x54 src/diskio.o
                0x080023e6                sdcard_r3
 *fill*         0x0800243a        0x2 
 .text.sdcard_readblock
                0x0800243c       0x9c src/diskio.o
                0x0800243c                sdcard_readblock
 .text.sdcard_writeblock
                0x080024d8       0x8e src/diskio.o
                0x080024d8                sdcard_writeblock
 *fill*         0x08002566        0x2 
 .text.disk_initialize
                0x08002568      0x114 src/diskio.o
                0x08002568                disk_initialize
 .text.disk_status
                0x0800267c       0x64 src/diskio.o
                0x0800267c                disk_status
 .text.disk_read
                0x080026e0       0x9e src/diskio.o
                0x080026e0                disk_read
 .text.disk_write
                0x0800277e       0x9e src/diskio.o
                0x0800277e                disk_write
 .text.ld_word  0x0800281c       0x36 src/ff.o
 .text.ld_dword
                0x08002852       0x42 src/ff.o
 .text.st_word  0x08002894       0x3c src/ff.o
 .text.st_dword
                0x080028d0       0x54 src/ff.o
 .text.mem_cpy  0x08002924       0x3e src/ff.o
 .text.mem_set  0x08002962       0x30 src/ff.o
 .text.mem_cmp  0x08002992       0x4a src/ff.o
 .text.chk_chr  0x080029dc       0x32 src/ff.o
 .text.dbc_1st  0x08002a0e       0x46 src/ff.o
 .text.dbc_2nd  0x08002a54       0x5e src/ff.o
 .text.tchar2uni
                0x08002ab2       0xae src/ff.o
 .text.put_utf  0x08002b60       0x88 src/ff.o
 .text.sync_window
                0x08002be8       0x82 src/ff.o
 .text.move_window
                0x08002c6a       0x6c src/ff.o
 .text.clst2sect
                0x08002cd6       0x38 src/ff.o
 .text.get_fat  0x08002d0e      0x152 src/ff.o
 .text.put_fat  0x08002e60      0x1fe src/ff.o
 .text.remove_chain
                0x0800305e       0xea src/ff.o
 .text.create_chain
                0x08003148      0x1c4 src/ff.o
 .text.dir_clear
                0x0800330c       0x94 src/ff.o
 .text.dir_sdi  0x080033a0      0x100 src/ff.o
 .text.dir_next
                0x080034a0      0x134 src/ff.o
 .text.dir_alloc
                0x080035d4       0xb2 src/ff.o
 .text.ld_clust
                0x08003686       0x3e src/ff.o
 .text.st_clust
                0x080036c4       0x40 src/ff.o
 .text.cmp_lfn  0x08003704      0x100 src/ff.o
 .text.pick_lfn
                0x08003804       0xf0 src/ff.o
 .text.put_lfn  0x080038f4       0xf4 src/ff.o
 .text.gen_numname
                0x080039e8      0x150 src/ff.o
 .text.sum_sfn  0x08003b38       0x4c src/ff.o
 .text.dir_read
                0x08003b84      0x1c2 src/ff.o
 .text.dir_find
                0x08003d46      0x1fc src/ff.o
 .text.dir_register
                0x08003f42      0x220 src/ff.o
 *fill*         0x08004162        0x2 
 .text.get_fileinfo
                0x08004164      0x2a4 src/ff.o
 .text.get_achar
                0x08004408       0x68 src/ff.o
 .text.pattern_matching
                0x08004470       0xf2 src/ff.o
 *fill*         0x08004562        0x2 
 .text.create_name
                0x08004564      0x4e4 src/ff.o
 .text.follow_path
                0x08004a48      0x154 src/ff.o
 .text.get_ldnumber
                0x08004b9c       0x9c src/ff.o
 .text.check_fs
                0x08004c38      0x14c src/ff.o
 .text.find_volume
                0x08004d84       0xbe src/ff.o
 *fill*         0x08004e42        0x2 
 .text.mount_volume
                0x08004e44      0x434 src/ff.o
 .text.validate
                0x08005278       0x7a src/ff.o
 *fill*         0x080052f2        0x2 
 .text.f_mount  0x080052f4       0x8c src/ff.o
                0x080052f4                f_mount
 .text.f_open   0x08005380      0x520 src/ff.o
                0x08005380                f_open
 .text.f_read   0x080058a0      0x26a src/ff.o
                0x080058a0                f_read
 .text.f_write  0x08005b0a      0x2da src/ff.o
                0x08005b0a                f_write
 .text.f_opendir
                0x08005de4      0x10c src/ff.o
                0x08005de4                f_opendir
 .text.f_readdir
                0x08005ef0       0xc8 src/ff.o
                0x08005ef0                f_readdir
 .text.f_findnext
                0x08005fb8       0x5c src/ff.o
                0x08005fb8                f_findnext
 .text.f_findfirst
                0x08006014       0x52 src/ff.o
                0x08006014                f_findfirst
 .text.putc_bfd
                0x08006066       0x74 src/ff.o
 .text.putc_flush
                0x080060da       0x4a src/ff.o
 .text.putc_init
                0x08006124       0x24 src/ff.o
 .text.f_printf
                0x08006148      0x4f0 src/ff.o
                0x08006148                f_printf
 .text.ff_uni2oem
                0x08006638       0xd8 src/ffunicode.o
                0x08006638                ff_uni2oem
 .text.ff_oem2uni
                0x08006710       0xc8 src/ffunicode.o
                0x08006710                ff_oem2uni
 .text.ff_wtoupper
                0x080067d8      0x194 src/ffunicode.o
                0x080067d8                ff_wtoupper
 .text.tft_select
                0x0800696c       0x50 src/lcd.o
 .text.tft_reset
                0x080069bc       0x2a src/lcd.o
 .text.tft_reg_select
                0x080069e6       0x2a src/lcd.o
 .text.nano_wait
                0x08006a10       0x18 src/lcd.o
 .text.LCD_Reset
                0x08006a28       0x38 src/lcd.o
                0x08006a28                LCD_Reset
 .text.LCD_WR_REG
                0x08006a60       0x40 src/lcd.o
                0x08006a60                LCD_WR_REG
 .text.LCD_WR_DATA
                0x08006aa0       0x40 src/lcd.o
                0x08006aa0                LCD_WR_DATA
 .text.LCD_WriteData16_Prepare
                0x08006ae0       0x2c src/lcd.o
                0x08006ae0                LCD_WriteData16_Prepare
 .text.LCD_WriteData16
                0x08006b0c       0x30 src/lcd.o
                0x08006b0c                LCD_WriteData16
 .text.LCD_WriteData16_End
                0x08006b3c       0x24 src/lcd.o
                0x08006b3c                LCD_WriteData16_End
 .text.LCD_WriteReg
                0x08006b60       0x30 src/lcd.o
                0x08006b60                LCD_WriteReg
 .text.LCD_WriteRAM_Prepare
                0x08006b90       0x1c src/lcd.o
                0x08006b90                LCD_WriteRAM_Prepare
 .text.LCD_direction
                0x08006bac       0xa4 src/lcd.o
                0x08006bac                LCD_direction
 .text.LCD_Init
                0x08006c50      0x2a4 src/lcd.o
                0x08006c50                LCD_Init
 .text.LCD_Setup
                0x08006ef4       0x38 src/lcd.o
                0x08006ef4                LCD_Setup
 .text.LCD_SetWindow
                0x08006f2c       0xc0 src/lcd.o
                0x08006f2c                LCD_SetWindow
 .text.LCD_Clear
                0x08006fec       0x84 src/lcd.o
                0x08006fec                LCD_Clear
 .text._LCD_DrawPoint
                0x08007070       0x4e src/lcd.o
 .text._LCD_DrawLine
                0x080070be      0x12c src/lcd.o
 *fill*         0x080071ea        0x2 
 .text.LCD_DrawRectangle
                0x080071ec       0xb4 src/lcd.o
                0x080071ec                LCD_DrawRectangle
 .text._LCD_Fill
                0x080072a0       0xcc src/lcd.o
 .text.LCD_DrawFillRectangle
                0x0800736c       0x60 src/lcd.o
                0x0800736c                LCD_DrawFillRectangle
 .text._LCD_DrawChar
                0x080073cc      0x22c src/lcd.o
                0x080073cc                _LCD_DrawChar
 .text.LCD_DrawString
                0x080075f8       0xc8 src/lcd.o
                0x080075f8                LCD_DrawString
 .text.init_spi1_slow
                0x080076c0      0x18c src/main.o
                0x080076c0                init_spi1_slow
 .text.sdcard_io_high_speed
                0x0800784c       0x60 src/main.o
                0x0800784c                sdcard_io_high_speed
 .text.init_lcd_spi
                0x080078ac       0x74 src/main.o
                0x080078ac                init_lcd_spi
 .text.main     0x08007920       0x20 src/main.o
                0x08007920                main
 .text.enable_sdcard
                0x08007940       0x20 src/main.o
                0x08007940                enable_sdcard
 .text.disable_sdcard
                0x08007960       0x1c src/main.o
                0x08007960                disable_sdcard
 .text.init_sdcard_io
                0x0800797c       0x30 src/main.o
                0x0800797c                init_sdcard_io
 .text.SystemInit
                0x080079ac       0x8c src/system_stm32f0xx.o
                0x080079ac                SystemInit
 .text.SetSysClock
                0x08007a38       0xe0 src/system_stm32f0xx.o
 .text.Reset_Handler
                0x08007b18       0x50 startup/startup_stm32.o
                0x08007b18                Reset_Handler
 .text.Default_Handler
                0x08007b68        0x2 startup/startup_stm32.o
                0x08007b68                DMA1_CH4_5_6_7_DMA2_CH3_4_5_IRQHandler
                0x08007b68                TIM1_CC_IRQHandler
                0x08007b68                TSC_IRQHandler
                0x08007b68                HardFault_Handler
                0x08007b68                SysTick_Handler
                0x08007b68                PVD_IRQHandler
                0x08007b68                PendSV_Handler
                0x08007b68                NMI_Handler
                0x08007b68                I2C1_IRQHandler
                0x08007b68                RCC_CRS_IRQHandler
                0x08007b68                SPI1_IRQHandler
                0x08007b68                TIM6_DAC_IRQHandler
                0x08007b68                EXTI2_3_IRQHandler
                0x08007b68                I2C2_IRQHandler
                0x08007b68                TIM17_IRQHandler
                0x08007b68                CEC_CAN_IRQHandler
                0x08007b68                RTC_IRQHandler
                0x08007b68                TIM16_IRQHandler
                0x08007b68                TIM3_IRQHandler
                0x08007b68                Default_Handler
                0x08007b68                TIM14_IRQHandler
                0x08007b68                TIM7_IRQHandler
                0x08007b68                TIM15_IRQHandler
                0x08007b68                EXTI0_1_IRQHandler
                0x08007b68                USB_IRQHandler
                0x08007b68                SPI2_IRQHandler
                0x08007b68                DMA1_CH1_IRQHandler
                0x08007b68                SVC_Handler
                0x08007b68                WWDG_IRQHandler
                0x08007b68                TIM2_IRQHandler
                0x08007b68                ADC_COMP_IRQHandler
                0x08007b68                USART2_IRQHandler
                0x08007b68                USART3_4_5_6_7_8_IRQHandler
                0x08007b68                FLASH_IRQHandler
                0x08007b68                USART1_IRQHandler
                0x08007b68                TIM1_BRK_UP_TRG_COM_IRQHandler
 *fill*         0x08007b6a        0x2 
 .text.__libc_init_array
                0x08007b6c       0x48 c:/ac6/systemworkbench/plugins/fr.ac6.mcu.externaltools.arm-none.win32_1.17.0.201812190825/tools/compiler/bin/../lib/gcc/arm-none-eabi/7.3.1/../../../../arm-none-eabi/lib/thumb/v6-m\libc.a(lib_a-init.o)
                0x08007b6c                __libc_init_array
 .text.__itoa   0x08007bb4       0x30 c:/ac6/systemworkbench/plugins/fr.ac6.mcu.externaltools.arm-none.win32_1.17.0.201812190825/tools/compiler/bin/../lib/gcc/arm-none-eabi/7.3.1/../../../../arm-none-eabi/lib/thumb/v6-m\libc.a(lib_a-itoa.o)
                0x08007bb4                __itoa
 .text.itoa     0x08007be4        0x8 c:/ac6/systemworkbench/plugins/fr.ac6.mcu.externaltools.arm-none.win32_1.17.0.201812190825/tools/compiler/bin/../lib/gcc/arm-none-eabi/7.3.1/../../../../arm-none-eabi/lib/thumb/v6-m\libc.a(lib_a-itoa.o)
                0x08007be4                itoa
 .text.strlen   0x08007bec       0x64 c:/ac6/systemworkbench/plugins/fr.ac6.mcu.externaltools.arm-none.win32_1.17.0.201812190825/tools/compiler/bin/../lib/gcc/arm-none-eabi/7.3.1/../../../../arm-none-eabi/lib/thumb/v6-m\libc.a(lib_a-strlen-stub.o)
                0x08007bec                strlen
 .text.strtok   0x08007c50       0x14 c:/ac6/systemworkbench/plugins/fr.ac6.mcu.externaltools.arm-none.win32_1.17.0.201812190825/tools/compiler/bin/../lib/gcc/arm-none-eabi/7.3.1/../../../../arm-none-eabi/lib/thumb/v6-m\libc.a(lib_a-strtok.o)
                0x08007c50                strtok
 .text.__strtok_r
                0x08007c64       0x64 c:/ac6/systemworkbench/plugins/fr.ac6.mcu.externaltools.arm-none.win32_1.17.0.201812190825/tools/compiler/bin/../lib/gcc/arm-none-eabi/7.3.1/../../../../arm-none-eabi/lib/thumb/v6-m\libc.a(lib_a-strtok_r.o)
                0x08007c64                __strtok_r
 .text.__utoa   0x08007cc8       0x70 c:/ac6/systemworkbench/plugins/fr.ac6.mcu.externaltools.arm-none.win32_1.17.0.201812190825/tools/compiler/bin/../lib/gcc/arm-none-eabi/7.3.1/../../../../arm-none-eabi/lib/thumb/v6-m\libc.a(lib_a-utoa.o)
                0x08007cc8                __utoa
 .text.startup.register_fini
                0x08007d38       0x18 c:/ac6/systemworkbench/plugins/fr.ac6.mcu.externaltools.arm-none.win32_1.17.0.201812190825/tools/compiler/bin/../lib/gcc/arm-none-eabi/7.3.1/../../../../arm-none-eabi/lib/thumb/v6-m\libc.a(lib_a-__call_atexit.o)
 .text.atexit   0x08007d50       0x10 c:/ac6/systemworkbench/plugins/fr.ac6.mcu.externaltools.arm-none.win32_1.17.0.201812190825/tools/compiler/bin/../lib/gcc/arm-none-eabi/7.3.1/../../../../arm-none-eabi/lib/thumb/v6-m\libc.a(lib_a-atexit.o)
                0x08007d50                atexit
 .text.__libc_fini_array
                0x08007d60       0x34 c:/ac6/systemworkbench/plugins/fr.ac6.mcu.externaltools.arm-none.win32_1.17.0.201812190825/tools/compiler/bin/../lib/gcc/arm-none-eabi/7.3.1/../../../../arm-none-eabi/lib/thumb/v6-m\libc.a(lib_a-fini.o)
                0x08007d60                __libc_fini_array
 .text.__retarget_lock_acquire_recursive
                0x08007d94        0x4 c:/ac6/systemworkbench/plugins/fr.ac6.mcu.externaltools.arm-none.win32_1.17.0.201812190825/tools/compiler/bin/../lib/gcc/arm-none-eabi/7.3.1/../../../../arm-none-eabi/lib/thumb/v6-m\libc.a(lib_a-lock.o)
                0x08007d94                __retarget_lock_acquire_recursive
 .text.__retarget_lock_release_recursive
                0x08007d98        0x4 c:/ac6/systemworkbench/plugins/fr.ac6.mcu.externaltools.arm-none.win32_1.17.0.201812190825/tools/compiler/bin/../lib/gcc/arm-none-eabi/7.3.1/../../../../arm-none-eabi/lib/thumb/v6-m\libc.a(lib_a-lock.o)
                0x08007d98                __retarget_lock_release_recursive
 .text.__register_exitproc
                0x08007d9c       0xf4 c:/ac6/systemworkbench/plugins/fr.ac6.mcu.externaltools.arm-none.win32_1.17.0.201812190825/tools/compiler/bin/../lib/gcc/arm-none-eabi/7.3.1/../../../../arm-none-eabi/lib/thumb/v6-m\libc.a(lib_a-__atexit.o)
                0x08007d9c                __register_exitproc
 *(.glue_7)
 .glue_7        0x08007e90        0x0 linker stubs
 *(.glue_7t)
 .glue_7t       0x08007e90        0x0 linker stubs
 *(.eh_frame)
 .eh_frame      0x08007e90        0x0 c:/ac6/systemworkbench/plugins/fr.ac6.mcu.externaltools.arm-none.win32_1.17.0.201812190825/tools/compiler/bin/../lib/gcc/arm-none-eabi/7.3.1/thumb/v6-m/crtbegin.o
 *(.init)
 .init          0x08007e90        0x4 c:/ac6/systemworkbench/plugins/fr.ac6.mcu.externaltools.arm-none.win32_1.17.0.201812190825/tools/compiler/bin/../lib/gcc/arm-none-eabi/7.3.1/thumb/v6-m/crti.o
                0x08007e90                _init
 .init          0x08007e94        0x8 c:/ac6/systemworkbench/plugins/fr.ac6.mcu.externaltools.arm-none.win32_1.17.0.201812190825/tools/compiler/bin/../lib/gcc/arm-none-eabi/7.3.1/thumb/v6-m/crtn.o
 *(.fini)
 .fini          0x08007e9c        0x4 c:/ac6/systemworkbench/plugins/fr.ac6.mcu.externaltools.arm-none.win32_1.17.0.201812190825/tools/compiler/bin/../lib/gcc/arm-none-eabi/7.3.1/thumb/v6-m/crti.o
                0x08007e9c                _fini
 .fini          0x08007ea0        0x8 c:/ac6/systemworkbench/plugins/fr.ac6.mcu.externaltools.arm-none.win32_1.17.0.201812190825/tools/compiler/bin/../lib/gcc/arm-none-eabi/7.3.1/thumb/v6-m/crtn.o
                0x08007ea8                . = ALIGN (0x4)
                0x08007ea8                _etext = .

.vfp11_veneer   0x08007ea8        0x0
 .vfp11_veneer  0x08007ea8        0x0 linker stubs

.v4_bx          0x08007ea8        0x0
 .v4_bx         0x08007ea8        0x0 linker stubs

.iplt           0x08007ea8        0x0
 .iplt          0x08007ea8        0x0 c:/ac6/systemworkbench/plugins/fr.ac6.mcu.externaltools.arm-none.win32_1.17.0.201812190825/tools/compiler/bin/../lib/gcc/arm-none-eabi/7.3.1/thumb/v6-m/crtbegin.o

.rodata         0x08007ea8     0xf828
                0x08007ea8                . = ALIGN (0x4)
 *(.rodata)
 .rodata        0x08007ea8      0x25e src/commands.o
 *fill*         0x08008106        0x2 
 .rodata        0x08008108       0x98 src/ff.o
 .rodata        0x080081a0     0xe9c4 src/ffunicode.o
 .rodata        0x08016b64      0xa80 src/lcd.o
                0x08016b80                asc2_1206
                0x08016ff4                asc2_1608
 .rodata        0x080175e4       0x80 c:/ac6/systemworkbench/plugins/fr.ac6.mcu.externaltools.arm-none.win32_1.17.0.201812190825/tools/compiler/bin/../lib/gcc/arm-none-eabi/7.3.1/thumb/v6-m\libgcc.a(divsf3.o)
 .rodata        0x08017664       0x40 c:/ac6/systemworkbench/plugins/fr.ac6.mcu.externaltools.arm-none.win32_1.17.0.201812190825/tools/compiler/bin/../lib/gcc/arm-none-eabi/7.3.1/thumb/v6-m\libgcc.a(mulsf3.o)
 *(.rodata*)
 .rodata._global_impure_ptr
                0x080176a4        0x4 c:/ac6/systemworkbench/plugins/fr.ac6.mcu.externaltools.arm-none.win32_1.17.0.201812190825/tools/compiler/bin/../lib/gcc/arm-none-eabi/7.3.1/../../../../arm-none-eabi/lib/thumb/v6-m\libc.a(lib_a-impure.o)
                0x080176a4                _global_impure_ptr
 .rodata.__utoa.str1.4
                0x080176a8       0x28 c:/ac6/systemworkbench/plugins/fr.ac6.mcu.externaltools.arm-none.win32_1.17.0.201812190825/tools/compiler/bin/../lib/gcc/arm-none-eabi/7.3.1/../../../../arm-none-eabi/lib/thumb/v6-m\libc.a(lib_a-utoa.o)
                                 0x25 (size before relaxing)
                0x080176d0                . = ALIGN (0x4)

.rel.dyn        0x080176d0        0x0
 .rel.iplt      0x080176d0        0x0 c:/ac6/systemworkbench/plugins/fr.ac6.mcu.externaltools.arm-none.win32_1.17.0.201812190825/tools/compiler/bin/../lib/gcc/arm-none-eabi/7.3.1/thumb/v6-m/crtbegin.o

.ARM.extab      0x080176d0        0x0
                0x080176d0                . = ALIGN (0x4)
 *(.ARM.extab* .gnu.linkonce.armextab.*)
                0x080176d0                . = ALIGN (0x4)

.ARM            0x080176d0        0x0
                0x080176d0                . = ALIGN (0x4)
                0x080176d0                __exidx_start = .
 *(.ARM.exidx*)
                0x080176d0                __exidx_end = .
                0x080176d0                . = ALIGN (0x4)

.preinit_array  0x080176d0        0x0
                0x080176d0                . = ALIGN (0x4)
                0x080176d0                PROVIDE (__preinit_array_start = .)
 *(.preinit_array*)
                0x080176d0                PROVIDE (__preinit_array_end = .)
                0x080176d0                . = ALIGN (0x4)

.init_array     0x080176d0        0x8
                0x080176d0                . = ALIGN (0x4)
                0x080176d0                PROVIDE (__init_array_start = .)
 *(SORT_BY_NAME(.init_array.*))
 .init_array.00000
                0x080176d0        0x4 c:/ac6/systemworkbench/plugins/fr.ac6.mcu.externaltools.arm-none.win32_1.17.0.201812190825/tools/compiler/bin/../lib/gcc/arm-none-eabi/7.3.1/../../../../arm-none-eabi/lib/thumb/v6-m\libc.a(lib_a-__call_atexit.o)
 *(.init_array*)
 .init_array    0x080176d4        0x4 c:/ac6/systemworkbench/plugins/fr.ac6.mcu.externaltools.arm-none.win32_1.17.0.201812190825/tools/compiler/bin/../lib/gcc/arm-none-eabi/7.3.1/thumb/v6-m/crtbegin.o
                0x080176d8                PROVIDE (__init_array_end = .)
                0x080176d8                . = ALIGN (0x4)

.fini_array     0x080176d8        0x4
                0x080176d8                . = ALIGN (0x4)
                0x080176d8                PROVIDE (__fini_array_start = .)
 *(SORT_BY_NAME(.fini_array.*))
 *(.fini_array*)
 .fini_array    0x080176d8        0x4 c:/ac6/systemworkbench/plugins/fr.ac6.mcu.externaltools.arm-none.win32_1.17.0.201812190825/tools/compiler/bin/../lib/gcc/arm-none-eabi/7.3.1/thumb/v6-m/crtbegin.o
                0x080176dc                PROVIDE (__fini_array_end = .)
                0x080176dc                . = ALIGN (0x4)
                0x080176dc                _sidata = LOADADDR (.data)

.data           0x20000000      0x43c load address 0x080176dc
                0x20000000                . = ALIGN (0x4)
                0x20000000                _sdata = .
 *(.data)
 .data          0x20000000        0x4 src/commands.o
                0x20000000                currentChoice
 .data          0x20000004        0x5 src/diskio.o
                0x20000004                sd
 *(.data*)
 *fill*         0x20000009        0x3 
 .data._impure_ptr
                0x2000000c        0x4 c:/ac6/systemworkbench/plugins/fr.ac6.mcu.externaltools.arm-none.win32_1.17.0.201812190825/tools/compiler/bin/../lib/gcc/arm-none-eabi/7.3.1/../../../../arm-none-eabi/lib/thumb/v6-m\libc.a(lib_a-impure.o)
                0x2000000c                _impure_ptr
 .data.impure_data
                0x20000010      0x428 c:/ac6/systemworkbench/plugins/fr.ac6.mcu.externaltools.arm-none.win32_1.17.0.201812190825/tools/compiler/bin/../lib/gcc/arm-none-eabi/7.3.1/../../../../arm-none-eabi/lib/thumb/v6-m\libc.a(lib_a-impure.o)
 .data.__atexit_recursive_mutex
                0x20000438        0x4 c:/ac6/systemworkbench/plugins/fr.ac6.mcu.externaltools.arm-none.win32_1.17.0.201812190825/tools/compiler/bin/../lib/gcc/arm-none-eabi/7.3.1/../../../../arm-none-eabi/lib/thumb/v6-m\libc.a(lib_a-__call_atexit.o)
                0x20000438                __atexit_recursive_mutex
                0x2000043c                . = ALIGN (0x4)
                0x2000043c                _edata = .

.igot.plt       0x2000043c        0x0 load address 0x08017b18
 .igot.plt      0x2000043c        0x0 c:/ac6/systemworkbench/plugins/fr.ac6.mcu.externaltools.arm-none.win32_1.17.0.201812190825/tools/compiler/bin/../lib/gcc/arm-none-eabi/7.3.1/thumb/v6-m/crtbegin.o
                0x2000043c                . = ALIGN (0x4)

.bss            0x2000043c     0x2574 load address 0x08017b18
                0x2000043c                _sbss = .
                0x2000043c                __bss_start__ = _sbss
 *(.bss)
 .bss           0x2000043c       0x1c c:/ac6/systemworkbench/plugins/fr.ac6.mcu.externaltools.arm-none.win32_1.17.0.201812190825/tools/compiler/bin/../lib/gcc/arm-none-eabi/7.3.1/thumb/v6-m/crtbegin.o
 .bss           0x20000458      0x354 src/commands.o
                0x20000684                pointer
                0x20000688                files
                0x2000068c                page
                0x20000690                paused
 .bss           0x200007ac        0x7 src/ff.o
 *(.bss*)
 *(COMMON)
 *fill*         0x200007b3        0x1 
 COMMON         0x200007b4     0x21bc src/commands.o
                0x200007b4                artist
                0x200007b8                timeremaining
                0x200007bc                fs_storage
                0x200009f4                wavBuffer
                0x20002934                curPlay
                0x20002938                title
                0x2000293c                filename
                0x20002940                end
                0x20002944                header
 COMMON         0x20002970       0x1c src/lcd.o
                0x20002970                lcddev
 COMMON         0x2000298c       0x21 c:/ac6/systemworkbench/plugins/fr.ac6.mcu.externaltools.arm-none.win32_1.17.0.201812190825/tools/compiler/bin/../lib/gcc/arm-none-eabi/7.3.1/../../../../arm-none-eabi/lib/thumb/v6-m\libc.a(lib_a-lock.o)
                0x2000298c                __lock___atexit_recursive_mutex
                0x20002990                __lock___arc4random_mutex
                0x20002994                __lock___env_recursive_mutex
                0x20002998                __lock___sinit_recursive_mutex
                0x2000299c                __lock___malloc_recursive_mutex
                0x200029a0                __lock___at_quick_exit_mutex
                0x200029a4                __lock___dd_hash_mutex
                0x200029a8                __lock___tz_mutex
                0x200029ac                __lock___sfp_recursive_mutex
                0x200029b0                . = ALIGN (0x4)
 *fill*         0x200029ad        0x3 
                0x200029b0                _ebss = .
                0x200029b0                __bss_end__ = _ebss

._user_heap_stack
                0x200029b0      0x400 load address 0x08017b18
                0x200029b0                . = ALIGN (0x8)
                [!provide]                PROVIDE (end = .)
                [!provide]                PROVIDE (_end = .)
                0x200029b0                . = (. + _Min_Heap_Size)
                0x20002db0                . = (. + _Min_Stack_Size)
 *fill*         0x200029b0      0x400 
                0x20002db0                . = ALIGN (0x8)

/DISCARD/
 libc.a(*)
 libm.a(*)
 libgcc.a(*)

.ARM.attributes
                0x00000000       0x28
 *(.ARM.attributes)
 .ARM.attributes
                0x00000000       0x1e c:/ac6/systemworkbench/plugins/fr.ac6.mcu.externaltools.arm-none.win32_1.17.0.201812190825/tools/compiler/bin/../lib/gcc/arm-none-eabi/7.3.1/thumb/v6-m/crti.o
 .ARM.attributes
                0x0000001e       0x2c c:/ac6/systemworkbench/plugins/fr.ac6.mcu.externaltools.arm-none.win32_1.17.0.201812190825/tools/compiler/bin/../lib/gcc/arm-none-eabi/7.3.1/thumb/v6-m/crtbegin.o
 .ARM.attributes
                0x0000004a       0x31 src/commands.o
 .ARM.attributes
                0x0000007b       0x31 src/diskio.o
 .ARM.attributes
                0x000000ac       0x31 src/ff.o
 .ARM.attributes
                0x000000dd       0x31 src/ffunicode.o
 .ARM.attributes
                0x0000010e       0x31 src/lcd.o
 .ARM.attributes
                0x0000013f       0x31 src/main.o
 .ARM.attributes
                0x00000170       0x31 src/system_stm32f0xx.o
 .ARM.attributes
                0x000001a1       0x21 startup/startup_stm32.o
 .ARM.attributes
                0x000001c2       0x1e c:/ac6/systemworkbench/plugins/fr.ac6.mcu.externaltools.arm-none.win32_1.17.0.201812190825/tools/compiler/bin/../lib/gcc/arm-none-eabi/7.3.1/thumb/v6-m\libgcc.a(_udivsi3.o)
 .ARM.attributes
                0x000001e0       0x1e c:/ac6/systemworkbench/plugins/fr.ac6.mcu.externaltools.arm-none.win32_1.17.0.201812190825/tools/compiler/bin/../lib/gcc/arm-none-eabi/7.3.1/thumb/v6-m\libgcc.a(_divsi3.o)
 .ARM.attributes
                0x000001fe       0x1e c:/ac6/systemworkbench/plugins/fr.ac6.mcu.externaltools.arm-none.win32_1.17.0.201812190825/tools/compiler/bin/../lib/gcc/arm-none-eabi/7.3.1/thumb/v6-m\libgcc.a(_dvmd_tls.o)
 .ARM.attributes
                0x0000021c       0x1e c:/ac6/systemworkbench/plugins/fr.ac6.mcu.externaltools.arm-none.win32_1.17.0.201812190825/tools/compiler/bin/../lib/gcc/arm-none-eabi/7.3.1/thumb/v6-m\libgcc.a(_arm_cmpsf2.o)
 .ARM.attributes
                0x0000023a       0x2c c:/ac6/systemworkbench/plugins/fr.ac6.mcu.externaltools.arm-none.win32_1.17.0.201812190825/tools/compiler/bin/../lib/gcc/arm-none-eabi/7.3.1/thumb/v6-m\libgcc.a(_fixunssfsi.o)
 .ARM.attributes
                0x00000266       0x2c c:/ac6/systemworkbench/plugins/fr.ac6.mcu.externaltools.arm-none.win32_1.17.0.201812190825/tools/compiler/bin/../lib/gcc/arm-none-eabi/7.3.1/thumb/v6-m\libgcc.a(addsf3.o)
 .ARM.attributes
                0x00000292       0x2c c:/ac6/systemworkbench/plugins/fr.ac6.mcu.externaltools.arm-none.win32_1.17.0.201812190825/tools/compiler/bin/../lib/gcc/arm-none-eabi/7.3.1/thumb/v6-m\libgcc.a(divsf3.o)
 .ARM.attributes
                0x000002be       0x2c c:/ac6/systemworkbench/plugins/fr.ac6.mcu.externaltools.arm-none.win32_1.17.0.201812190825/tools/compiler/bin/../lib/gcc/arm-none-eabi/7.3.1/thumb/v6-m\libgcc.a(eqsf2.o)
 .ARM.attributes
                0x000002ea       0x2c c:/ac6/systemworkbench/plugins/fr.ac6.mcu.externaltools.arm-none.win32_1.17.0.201812190825/tools/compiler/bin/../lib/gcc/arm-none-eabi/7.3.1/thumb/v6-m\libgcc.a(gesf2.o)
 .ARM.attributes
                0x00000316       0x2c c:/ac6/systemworkbench/plugins/fr.ac6.mcu.externaltools.arm-none.win32_1.17.0.201812190825/tools/compiler/bin/../lib/gcc/arm-none-eabi/7.3.1/thumb/v6-m\libgcc.a(lesf2.o)
 .ARM.attributes
                0x00000342       0x2c c:/ac6/systemworkbench/plugins/fr.ac6.mcu.externaltools.arm-none.win32_1.17.0.201812190825/tools/compiler/bin/../lib/gcc/arm-none-eabi/7.3.1/thumb/v6-m\libgcc.a(mulsf3.o)
 .ARM.attributes
                0x0000036e       0x2c c:/ac6/systemworkbench/plugins/fr.ac6.mcu.externaltools.arm-none.win32_1.17.0.201812190825/tools/compiler/bin/../lib/gcc/arm-none-eabi/7.3.1/thumb/v6-m\libgcc.a(subsf3.o)
 .ARM.attributes
                0x0000039a       0x2c c:/ac6/systemworkbench/plugins/fr.ac6.mcu.externaltools.arm-none.win32_1.17.0.201812190825/tools/compiler/bin/../lib/gcc/arm-none-eabi/7.3.1/thumb/v6-m\libgcc.a(fixsfsi.o)
 .ARM.attributes
                0x000003c6       0x2c c:/ac6/systemworkbench/plugins/fr.ac6.mcu.externaltools.arm-none.win32_1.17.0.201812190825/tools/compiler/bin/../lib/gcc/arm-none-eabi/7.3.1/thumb/v6-m\libgcc.a(floatsisf.o)
 .ARM.attributes
                0x000003f2       0x1e c:/ac6/systemworkbench/plugins/fr.ac6.mcu.externaltools.arm-none.win32_1.17.0.201812190825/tools/compiler/bin/../lib/gcc/arm-none-eabi/7.3.1/thumb/v6-m\libgcc.a(_clzsi2.o)
 .ARM.attributes
                0x00000410       0x2c c:/ac6/systemworkbench/plugins/fr.ac6.mcu.externaltools.arm-none.win32_1.17.0.201812190825/tools/compiler/bin/../lib/gcc/arm-none-eabi/7.3.1/../../../../arm-none-eabi/lib/thumb/v6-m\libc.a(lib_a-impure.o)
 .ARM.attributes
                0x0000043c       0x2c c:/ac6/systemworkbench/plugins/fr.ac6.mcu.externaltools.arm-none.win32_1.17.0.201812190825/tools/compiler/bin/../lib/gcc/arm-none-eabi/7.3.1/../../../../arm-none-eabi/lib/thumb/v6-m\libc.a(lib_a-init.o)
 .ARM.attributes
                0x00000468       0x2c c:/ac6/systemworkbench/plugins/fr.ac6.mcu.externaltools.arm-none.win32_1.17.0.201812190825/tools/compiler/bin/../lib/gcc/arm-none-eabi/7.3.1/../../../../arm-none-eabi/lib/thumb/v6-m\libc.a(lib_a-itoa.o)
 .ARM.attributes
                0x00000494       0x2c c:/ac6/systemworkbench/plugins/fr.ac6.mcu.externaltools.arm-none.win32_1.17.0.201812190825/tools/compiler/bin/../lib/gcc/arm-none-eabi/7.3.1/../../../../arm-none-eabi/lib/thumb/v6-m\libc.a(lib_a-strlen-stub.o)
 .ARM.attributes
                0x000004c0       0x2c c:/ac6/systemworkbench/plugins/fr.ac6.mcu.externaltools.arm-none.win32_1.17.0.201812190825/tools/compiler/bin/../lib/gcc/arm-none-eabi/7.3.1/../../../../arm-none-eabi/lib/thumb/v6-m\libc.a(lib_a-strtok.o)
 .ARM.attributes
                0x000004ec       0x2c c:/ac6/systemworkbench/plugins/fr.ac6.mcu.externaltools.arm-none.win32_1.17.0.201812190825/tools/compiler/bin/../lib/gcc/arm-none-eabi/7.3.1/../../../../arm-none-eabi/lib/thumb/v6-m\libc.a(lib_a-strtok_r.o)
 .ARM.attributes
                0x00000518       0x2c c:/ac6/systemworkbench/plugins/fr.ac6.mcu.externaltools.arm-none.win32_1.17.0.201812190825/tools/compiler/bin/../lib/gcc/arm-none-eabi/7.3.1/../../../../arm-none-eabi/lib/thumb/v6-m\libc.a(lib_a-utoa.o)
 .ARM.attributes
                0x00000544       0x2c c:/ac6/systemworkbench/plugins/fr.ac6.mcu.externaltools.arm-none.win32_1.17.0.201812190825/tools/compiler/bin/../lib/gcc/arm-none-eabi/7.3.1/../../../../arm-none-eabi/lib/thumb/v6-m\libc.a(lib_a-__call_atexit.o)
 .ARM.attributes
                0x00000570       0x2c c:/ac6/systemworkbench/plugins/fr.ac6.mcu.externaltools.arm-none.win32_1.17.0.201812190825/tools/compiler/bin/../lib/gcc/arm-none-eabi/7.3.1/../../../../arm-none-eabi/lib/thumb/v6-m\libc.a(lib_a-atexit.o)
 .ARM.attributes
                0x0000059c       0x2c c:/ac6/systemworkbench/plugins/fr.ac6.mcu.externaltools.arm-none.win32_1.17.0.201812190825/tools/compiler/bin/../lib/gcc/arm-none-eabi/7.3.1/../../../../arm-none-eabi/lib/thumb/v6-m\libc.a(lib_a-fini.o)
 .ARM.attributes
                0x000005c8       0x2c c:/ac6/systemworkbench/plugins/fr.ac6.mcu.externaltools.arm-none.win32_1.17.0.201812190825/tools/compiler/bin/../lib/gcc/arm-none-eabi/7.3.1/../../../../arm-none-eabi/lib/thumb/v6-m\libc.a(lib_a-lock.o)
 .ARM.attributes
                0x000005f4       0x2c c:/ac6/systemworkbench/plugins/fr.ac6.mcu.externaltools.arm-none.win32_1.17.0.201812190825/tools/compiler/bin/../lib/gcc/arm-none-eabi/7.3.1/../../../../arm-none-eabi/lib/thumb/v6-m\libc.a(lib_a-__atexit.o)
 .ARM.attributes
                0x00000620       0x1e c:/ac6/systemworkbench/plugins/fr.ac6.mcu.externaltools.arm-none.win32_1.17.0.201812190825/tools/compiler/bin/../lib/gcc/arm-none-eabi/7.3.1/thumb/v6-m/crtn.o
OUTPUT(groupproject.elf elf32-littlearm)

.debug_info     0x00000000     0x7e7d
 .debug_info    0x00000000     0x1db4 src/commands.o
 .debug_info    0x00001db4      0xf73 src/diskio.o
 .debug_info    0x00002d27     0x2572 src/ff.o
 .debug_info    0x00005299      0x2f6 src/ffunicode.o
 .debug_info    0x0000558f     0x171b src/lcd.o
 .debug_info    0x00006caa      0xeab src/main.o
 .debug_info    0x00007b55      0x306 src/system_stm32f0xx.o
 .debug_info    0x00007e5b       0x22 startup/startup_stm32.o

.debug_abbrev   0x00000000     0x11b8
 .debug_abbrev  0x00000000      0x3ee src/commands.o
 .debug_abbrev  0x000003ee      0x349 src/diskio.o
 .debug_abbrev  0x00000737      0x20e src/ff.o
 .debug_abbrev  0x00000945       0xd7 src/ffunicode.o
 .debug_abbrev  0x00000a1c      0x35d src/lcd.o
 .debug_abbrev  0x00000d79      0x2d2 src/main.o
 .debug_abbrev  0x0000104b      0x15b src/system_stm32f0xx.o
 .debug_abbrev  0x000011a6       0x12 startup/startup_stm32.o

.debug_aranges  0x00000000      0x5d0
 .debug_aranges
                0x00000000       0xc8 src/commands.o
 .debug_aranges
                0x000000c8       0x98 src/diskio.o
 .debug_aranges
                0x00000160      0x260 src/ff.o
 .debug_aranges
                0x000003c0       0x30 src/ffunicode.o
 .debug_aranges
                0x000003f0      0x128 src/lcd.o
 .debug_aranges
                0x00000518       0x60 src/main.o
 .debug_aranges
                0x00000578       0x30 src/system_stm32f0xx.o
 .debug_aranges
                0x000005a8       0x28 startup/startup_stm32.o

.debug_ranges   0x00000000      0x558
 .debug_ranges  0x00000000       0xb8 src/commands.o
 .debug_ranges  0x000000b8       0x88 src/diskio.o
 .debug_ranges  0x00000140      0x250 src/ff.o
 .debug_ranges  0x00000390       0x20 src/ffunicode.o
 .debug_ranges  0x000003b0      0x118 src/lcd.o
 .debug_ranges  0x000004c8       0x50 src/main.o
 .debug_ranges  0x00000518       0x20 src/system_stm32f0xx.o
 .debug_ranges  0x00000538       0x20 startup/startup_stm32.o

.debug_macro    0x00000000     0x277a
 .debug_macro   0x00000000      0x391 src/commands.o
 .debug_macro   0x00000391      0x106 src/commands.o
 .debug_macro   0x00000497       0xf5 src/commands.o
 .debug_macro   0x0000058c       0x18 src/commands.o
 .debug_macro   0x000005a4       0x5e src/commands.o
 .debug_macro   0x00000602       0x35 src/commands.o
 .debug_macro   0x00000637       0x34 src/commands.o
 .debug_macro   0x0000066b       0x16 src/commands.o
 .debug_macro   0x00000681      0x10e src/commands.o
 .debug_macro   0x0000078f       0x8d src/commands.o
 .debug_macro   0x0000081c       0x58 src/commands.o
 .debug_macro   0x00000874       0x1f src/commands.o
 .debug_macro   0x00000893       0x43 src/commands.o
 .debug_macro   0x000008d6       0x20 src/commands.o
 .debug_macro   0x000008f6      0x18e src/commands.o
 .debug_macro   0x00000a84      0x330 src/commands.o
 .debug_macro   0x00000db4       0x16 src/commands.o
 .debug_macro   0x00000dca       0x29 src/commands.o
 .debug_macro   0x00000df3       0x8e src/commands.o
 .debug_macro   0x00000e81       0x16 src/commands.o
 .debug_macro   0x00000e97       0x35 src/commands.o
 .debug_macro   0x00000ecc       0x1c src/commands.o
 .debug_macro   0x00000ee8       0x10 src/commands.o
 .debug_macro   0x00000ef8       0x10 src/commands.o
 .debug_macro   0x00000f08       0x1c src/commands.o
 .debug_macro   0x00000f24       0x52 src/commands.o
 .debug_macro   0x00000f76       0x40 src/commands.o
 .debug_macro   0x00000fb6       0x10 src/commands.o
 .debug_macro   0x00000fc6       0x40 src/commands.o
 .debug_macro   0x00001006       0xd7 src/commands.o
 .debug_macro   0x000010dd       0x1c src/commands.o
 .debug_macro   0x000010f9       0x3d src/commands.o
 .debug_macro   0x00001136       0x16 src/commands.o
 .debug_macro   0x0000114c      0x16f src/commands.o
 .debug_macro   0x000012bb      0x30e src/diskio.o
 .debug_macro   0x000015c9       0x94 src/diskio.o
 .debug_macro   0x0000165d       0x16 src/diskio.o
 .debug_macro   0x00001673       0x97 src/diskio.o
 .debug_macro   0x0000170a       0xfd src/diskio.o
 .debug_macro   0x00001807      0x5c1 src/ff.o
 .debug_macro   0x00001dc8       0xef src/ff.o
 .debug_macro   0x00001eb7       0x58 src/ff.o
 .debug_macro   0x00001f0f       0x8d src/ffunicode.o
 .debug_macro   0x00001f9c      0x2aa src/lcd.o
 .debug_macro   0x00002246      0x3ab src/main.o
 .debug_macro   0x000025f1      0x189 src/system_stm32f0xx.o

.debug_line     0x00000000     0x4cd1
 .debug_line    0x00000000      0xa9b src/commands.o
 .debug_line    0x00000a9b      0x932 src/diskio.o
 .debug_line    0x000013cd     0x195e src/ff.o
 .debug_line    0x00002d2b      0x3b8 src/ffunicode.o
 .debug_line    0x000030e3      0xb8a src/lcd.o
 .debug_line    0x00003c6d      0x9d8 src/main.o
 .debug_line    0x00004645      0x610 src/system_stm32f0xx.o
 .debug_line    0x00004c55       0x7c startup/startup_stm32.o

.debug_str      0x00000000    0x53f34
 .debug_str     0x00000000    0x4f8e1 src/commands.o
                              0x4fc60 (size before relaxing)
 .debug_str     0x0004f8e1      0x304 src/diskio.o
                              0x4f336 (size before relaxing)
 .debug_str     0x0004fbe5     0x3d4c src/ff.o
                               0x82a5 (size before relaxing)
 .debug_str     0x00053931       0x86 src/ffunicode.o
                               0x4127 (size before relaxing)
 .debug_str     0x000539b7      0x439 src/lcd.o
                              0x4dfce (size before relaxing)
 .debug_str     0x00053df0       0x6c src/main.o
                              0x4f464 (size before relaxing)
 .debug_str     0x00053e5c       0xaf src/system_stm32f0xx.o
                              0x4aa8f (size before relaxing)
 .debug_str     0x00053f0b       0x29 startup/startup_stm32.o
                                 0x55 (size before relaxing)

.comment        0x00000000       0x7f
 .comment       0x00000000       0x7f src/commands.o
                                 0x80 (size before relaxing)
 .comment       0x0000007f       0x80 src/diskio.o
 .comment       0x0000007f       0x80 src/ff.o
 .comment       0x0000007f       0x80 src/ffunicode.o
 .comment       0x0000007f       0x80 src/lcd.o
 .comment       0x0000007f       0x80 src/main.o
 .comment       0x0000007f       0x80 src/system_stm32f0xx.o

.debug_frame    0x00000000     0x19f4
 .debug_frame   0x00000000      0x2cc src/commands.o
 .debug_frame   0x000002cc      0x200 src/diskio.o
 .debug_frame   0x000004cc      0x9c4 src/ff.o
 .debug_frame   0x00000e90       0x70 src/ffunicode.o
 .debug_frame   0x00000f00      0x46c src/lcd.o
 .debug_frame   0x0000136c      0x114 src/main.o
 .debug_frame   0x00001480       0x6c src/system_stm32f0xx.o
 .debug_frame   0x000014ec       0x20 c:/ac6/systemworkbench/plugins/fr.ac6.mcu.externaltools.arm-none.win32_1.17.0.201812190825/tools/compiler/bin/../lib/gcc/arm-none-eabi/7.3.1/thumb/v6-m\libgcc.a(_udivsi3.o)
 .debug_frame   0x0000150c       0x20 c:/ac6/systemworkbench/plugins/fr.ac6.mcu.externaltools.arm-none.win32_1.17.0.201812190825/tools/compiler/bin/../lib/gcc/arm-none-eabi/7.3.1/thumb/v6-m\libgcc.a(_divsi3.o)
 .debug_frame   0x0000152c       0x28 c:/ac6/systemworkbench/plugins/fr.ac6.mcu.externaltools.arm-none.win32_1.17.0.201812190825/tools/compiler/bin/../lib/gcc/arm-none-eabi/7.3.1/thumb/v6-m\libgcc.a(_fixunssfsi.o)
 .debug_frame   0x00001554       0x38 c:/ac6/systemworkbench/plugins/fr.ac6.mcu.externaltools.arm-none.win32_1.17.0.201812190825/tools/compiler/bin/../lib/gcc/arm-none-eabi/7.3.1/thumb/v6-m\libgcc.a(addsf3.o)
 .debug_frame   0x0000158c       0x3c c:/ac6/systemworkbench/plugins/fr.ac6.mcu.externaltools.arm-none.win32_1.17.0.201812190825/tools/compiler/bin/../lib/gcc/arm-none-eabi/7.3.1/thumb/v6-m\libgcc.a(divsf3.o)
 .debug_frame   0x000015c8       0x2c c:/ac6/systemworkbench/plugins/fr.ac6.mcu.externaltools.arm-none.win32_1.17.0.201812190825/tools/compiler/bin/../lib/gcc/arm-none-eabi/7.3.1/thumb/v6-m\libgcc.a(eqsf2.o)
 .debug_frame   0x000015f4       0x2c c:/ac6/systemworkbench/plugins/fr.ac6.mcu.externaltools.arm-none.win32_1.17.0.201812190825/tools/compiler/bin/../lib/gcc/arm-none-eabi/7.3.1/thumb/v6-m\libgcc.a(gesf2.o)
 .debug_frame   0x00001620       0x2c c:/ac6/systemworkbench/plugins/fr.ac6.mcu.externaltools.arm-none.win32_1.17.0.201812190825/tools/compiler/bin/../lib/gcc/arm-none-eabi/7.3.1/thumb/v6-m\libgcc.a(lesf2.o)
 .debug_frame   0x0000164c       0x3c c:/ac6/systemworkbench/plugins/fr.ac6.mcu.externaltools.arm-none.win32_1.17.0.201812190825/tools/compiler/bin/../lib/gcc/arm-none-eabi/7.3.1/thumb/v6-m\libgcc.a(mulsf3.o)
 .debug_frame   0x00001688       0x38 c:/ac6/systemworkbench/plugins/fr.ac6.mcu.externaltools.arm-none.win32_1.17.0.201812190825/tools/compiler/bin/../lib/gcc/arm-none-eabi/7.3.1/thumb/v6-m\libgcc.a(subsf3.o)
 .debug_frame   0x000016c0       0x20 c:/ac6/systemworkbench/plugins/fr.ac6.mcu.externaltools.arm-none.win32_1.17.0.201812190825/tools/compiler/bin/../lib/gcc/arm-none-eabi/7.3.1/thumb/v6-m\libgcc.a(fixsfsi.o)
 .debug_frame   0x000016e0       0x2c c:/ac6/systemworkbench/plugins/fr.ac6.mcu.externaltools.arm-none.win32_1.17.0.201812190825/tools/compiler/bin/../lib/gcc/arm-none-eabi/7.3.1/thumb/v6-m\libgcc.a(floatsisf.o)
 .debug_frame   0x0000170c       0x2c c:/ac6/systemworkbench/plugins/fr.ac6.mcu.externaltools.arm-none.win32_1.17.0.201812190825/tools/compiler/bin/../lib/gcc/arm-none-eabi/7.3.1/../../../../arm-none-eabi/lib/thumb/v6-m\libc.a(lib_a-init.o)
 .debug_frame   0x00001738       0x40 c:/ac6/systemworkbench/plugins/fr.ac6.mcu.externaltools.arm-none.win32_1.17.0.201812190825/tools/compiler/bin/../lib/gcc/arm-none-eabi/7.3.1/../../../../arm-none-eabi/lib/thumb/v6-m\libc.a(lib_a-itoa.o)
 .debug_frame   0x00001778       0x28 c:/ac6/systemworkbench/plugins/fr.ac6.mcu.externaltools.arm-none.win32_1.17.0.201812190825/tools/compiler/bin/../lib/gcc/arm-none-eabi/7.3.1/../../../../arm-none-eabi/lib/thumb/v6-m\libc.a(lib_a-strlen-stub.o)
 .debug_frame   0x000017a0       0x28 c:/ac6/systemworkbench/plugins/fr.ac6.mcu.externaltools.arm-none.win32_1.17.0.201812190825/tools/compiler/bin/../lib/gcc/arm-none-eabi/7.3.1/../../../../arm-none-eabi/lib/thumb/v6-m\libc.a(lib_a-strtok.o)
 .debug_frame   0x000017c8       0x48 c:/ac6/systemworkbench/plugins/fr.ac6.mcu.externaltools.arm-none.win32_1.17.0.201812190825/tools/compiler/bin/../lib/gcc/arm-none-eabi/7.3.1/../../../../arm-none-eabi/lib/thumb/v6-m\libc.a(lib_a-strtok_r.o)
 .debug_frame   0x00001810       0x50 c:/ac6/systemworkbench/plugins/fr.ac6.mcu.externaltools.arm-none.win32_1.17.0.201812190825/tools/compiler/bin/../lib/gcc/arm-none-eabi/7.3.1/../../../../arm-none-eabi/lib/thumb/v6-m\libc.a(lib_a-utoa.o)
 .debug_frame   0x00001860       0x54 c:/ac6/systemworkbench/plugins/fr.ac6.mcu.externaltools.arm-none.win32_1.17.0.201812190825/tools/compiler/bin/../lib/gcc/arm-none-eabi/7.3.1/../../../../arm-none-eabi/lib/thumb/v6-m\libc.a(lib_a-__call_atexit.o)
 .debug_frame   0x000018b4       0x28 c:/ac6/systemworkbench/plugins/fr.ac6.mcu.externaltools.arm-none.win32_1.17.0.201812190825/tools/compiler/bin/../lib/gcc/arm-none-eabi/7.3.1/../../../../arm-none-eabi/lib/thumb/v6-m\libc.a(lib_a-atexit.o)
 .debug_frame   0x000018dc       0x2c c:/ac6/systemworkbench/plugins/fr.ac6.mcu.externaltools.arm-none.win32_1.17.0.201812190825/tools/compiler/bin/../lib/gcc/arm-none-eabi/7.3.1/../../../../arm-none-eabi/lib/thumb/v6-m\libc.a(lib_a-fini.o)
 .debug_frame   0x00001908       0xb0 c:/ac6/systemworkbench/plugins/fr.ac6.mcu.externaltools.arm-none.win32_1.17.0.201812190825/tools/compiler/bin/../lib/gcc/arm-none-eabi/7.3.1/../../../../arm-none-eabi/lib/thumb/v6-m\libc.a(lib_a-lock.o)
 .debug_frame   0x000019b8       0x3c c:/ac6/systemworkbench/plugins/fr.ac6.mcu.externaltools.arm-none.win32_1.17.0.201812190825/tools/compiler/bin/../lib/gcc/arm-none-eabi/7.3.1/../../../../arm-none-eabi/lib/thumb/v6-m\libc.a(lib_a-__atexit.o)
